Archive member included to satisfy reference by file (symbol)

c:/program files (x86)/atmel/studio/7.0/toolchain/avr8/avr8-gnu-toolchain/bin/../lib/gcc/avr/5.4.0/avr5\libgcc.a(_udivmodhi4.o)
                              Services/Timers_Services.o (__udivmodhi4)
c:/program files (x86)/atmel/studio/7.0/toolchain/avr8/avr8-gnu-toolchain/bin/../lib/gcc/avr/5.4.0/avr5\libgcc.a(_divmodhi4.o)
                              APP/Calculator.o (__divmodhi4)
c:/program files (x86)/atmel/studio/7.0/toolchain/avr8/avr8-gnu-toolchain/bin/../lib/gcc/avr/5.4.0/avr5\libgcc.a(_udivmodsi4.o)
                              ECUAL/Sensors.o (__udivmodsi4)
c:/program files (x86)/atmel/studio/7.0/toolchain/avr8/avr8-gnu-toolchain/bin/../lib/gcc/avr/5.4.0/avr5\libgcc.a(_divmodsi4.o)
                              ECUAL/LCD.o (__divmodsi4)
c:/program files (x86)/atmel/studio/7.0/toolchain/avr8/avr8-gnu-toolchain/bin/../lib/gcc/avr/5.4.0/avr5\libgcc.a(_negsi2.o)
                              c:/program files (x86)/atmel/studio/7.0/toolchain/avr8/avr8-gnu-toolchain/bin/../lib/gcc/avr/5.4.0/avr5\libgcc.a(_divmodsi4.o) (__negsi2)
c:/program files (x86)/atmel/studio/7.0/toolchain/avr8/avr8-gnu-toolchain/bin/../lib/gcc/avr/5.4.0/avr5\libgcc.a(_exit.o)
                              C:/Program Files (x86)/Atmel/Studio/7.0/Packs/atmel/ATmega_DFP/1.7.374/gcc/dev/atmega32/avr5/crtatmega32.o (exit)
c:/program files (x86)/atmel/studio/7.0/toolchain/avr8/avr8-gnu-toolchain/bin/../lib/gcc/avr/5.4.0/avr5\libgcc.a(_copy_data.o)
                              APP/Calculator.o (__do_copy_data)
c:/program files (x86)/atmel/studio/7.0/toolchain/avr8/avr8-gnu-toolchain/bin/../lib/gcc/avr/5.4.0/avr5\libgcc.a(_clear_bss.o)
                              APP/Calculator.o (__do_clear_bss)
c:/program files (x86)/atmel/studio/7.0/toolchain/avr8/avr8-gnu-toolchain/bin/../lib/gcc/avr/5.4.0/avr5\libgcc.a(_umulhisi3.o)
                              APP/sevenSegment.o (__umulhisi3)
c:/program files (x86)/atmel/studio/7.0/toolchain/avr8/avr8-gnu-toolchain/bin/../lib/gcc/avr/5.4.0/avr5\libgcc.a(_muluhisi3.o)
                              Services/Timers_Services.o (__muluhisi3)

Allocating common symbols
Common symbol       size              file

MODE_tick           0x1               APP/Stop_Watch.o
data11              0x1               main.o
data                0x1               APP/Stop_Watch.o
digit_0             0x1               APP/Stop_Watch.o
copyData            0x1               APP/Stop_Watch.o
key2                0x1               main.o
digit_1             0x1               APP/Stop_Watch.o

Discarded input sections

 .data          0x00000000        0x0 C:/Program Files (x86)/Atmel/Studio/7.0/Packs/atmel/ATmega_DFP/1.7.374/gcc/dev/atmega32/avr5/crtatmega32.o
 .bss           0x00000000        0x0 C:/Program Files (x86)/Atmel/Studio/7.0/Packs/atmel/ATmega_DFP/1.7.374/gcc/dev/atmega32/avr5/crtatmega32.o
 .text          0x00000000        0x0 APP/Calculator.o
 .data          0x00000000        0x0 APP/Calculator.o
 .bss           0x00000000        0x0 APP/Calculator.o
 .rodata.str1.1
                0x00000000       0x15 APP/Calculator.o
 .text.Calculator_Init
                0x00000000       0x1a APP/Calculator.o
 .text.Calculator_Running
                0x00000000      0x240 APP/Calculator.o
 .text.Calculator_Reset
                0x00000000       0x72 APP/Calculator.o
 .text.Calculator_Operation
                0x00000000      0x1b4 APP/Calculator.o
 .bss.operationArr
                0x00000000        0x9 APP/Calculator.o
 .bss.numArr    0x00000000       0x14 APP/Calculator.o
 .bss.last_pressed
                0x00000000        0x2 APP/Calculator.o
 .bss.result    0x00000000        0x4 APP/Calculator.o
 .bss.operationsPriorityCheck
                0x00000000        0x1 APP/Calculator.o
 .bss.sizeOfOperations
                0x00000000        0x1 APP/Calculator.o
 .bss.sizeOfNumbers
                0x00000000        0x1 APP/Calculator.o
 .debug_info    0x00000000      0x5cd APP/Calculator.o
 .debug_abbrev  0x00000000      0x187 APP/Calculator.o
 .debug_loc     0x00000000      0x427 APP/Calculator.o
 .debug_aranges
                0x00000000       0x38 APP/Calculator.o
 .debug_ranges  0x00000000       0x28 APP/Calculator.o
 .debug_line    0x00000000      0x447 APP/Calculator.o
 .debug_str     0x00000000      0x32f APP/Calculator.o
 .comment       0x00000000       0x31 APP/Calculator.o
 .debug_frame   0x00000000       0x7c APP/Calculator.o
 .text          0x00000000        0x0 APP/LCD_Game.o
 .data          0x00000000        0x0 APP/LCD_Game.o
 .bss           0x00000000        0x0 APP/LCD_Game.o
 .text.movePlayers
                0x00000000      0x162 APP/LCD_Game.o
 .text.draw_Ball
                0x00000000       0x3e APP/LCD_Game.o
 .rodata.str1.1
                0x00000000       0x51 APP/LCD_Game.o
 .text.game_Init
                0x00000000       0xba APP/LCD_Game.o
 .text.move_Ball_Right
                0x00000000       0x10 APP/LCD_Game.o
 .text.move_Ball_Left
                0x00000000       0x12 APP/LCD_Game.o
 .text.Increment_Score_Player1
                0x00000000       0x2c APP/LCD_Game.o
 .text.Increment_Score_Player2
                0x00000000       0x2c APP/LCD_Game.o
 .text.Winner   0x00000000       0x56 APP/LCD_Game.o
 .text.Ball_Running
                0x00000000       0xec APP/LCD_Game.o
 .rodata.Ball_Pattern
                0x00000000        0x8 APP/LCD_Game.o
 .rodata.Player_Pattern
                0x00000000        0x8 APP/LCD_Game.o
 .bss.flag      0x00000000        0x1 APP/LCD_Game.o
 .bss.p2_score  0x00000000        0x1 APP/LCD_Game.o
 .bss.p1_score  0x00000000        0x1 APP/LCD_Game.o
 .data.ball_Ypos
                0x00000000        0x1 APP/LCD_Game.o
 .data.ball_Xpos
                0x00000000        0x1 APP/LCD_Game.o
 .data.p2_Ypos  0x00000000        0x1 APP/LCD_Game.o
 .data.p2_Xpos  0x00000000        0x1 APP/LCD_Game.o
 .bss.p1_Ypos   0x00000000        0x1 APP/LCD_Game.o
 .data.p1_Xpos  0x00000000        0x1 APP/LCD_Game.o
 .debug_info    0x00000000      0xb5e APP/LCD_Game.o
 .debug_abbrev  0x00000000      0x18f APP/LCD_Game.o
 .debug_loc     0x00000000      0x2d0 APP/LCD_Game.o
 .debug_aranges
                0x00000000       0x60 APP/LCD_Game.o
 .debug_ranges  0x00000000       0x50 APP/LCD_Game.o
 .debug_line    0x00000000      0x4f6 APP/LCD_Game.o
 .debug_str     0x00000000      0x417 APP/LCD_Game.o
 .comment       0x00000000       0x31 APP/LCD_Game.o
 .debug_frame   0x00000000       0xa4 APP/LCD_Game.o
 .text          0x00000000        0x0 APP/Servo_Motor.o
 .data          0x00000000        0x0 APP/Servo_Motor.o
 .bss           0x00000000        0x0 APP/Servo_Motor.o
 .debug_line    0x00000000        0x0 APP/Servo_Motor.o
 .debug_str     0x00000000       0xfc APP/Servo_Motor.o
 .comment       0x00000000       0x31 APP/Servo_Motor.o
 .text          0x00000000        0x0 APP/sevenSegment.o
 .data          0x00000000        0x0 APP/sevenSegment.o
 .bss           0x00000000        0x0 APP/sevenSegment.o
 .text.segment_display_BCD
                0x00000000       0x32 APP/sevenSegment.o
 .text.sevenSegment_Disable_All
                0x00000000       0x22 APP/sevenSegment.o
 .text.Enable_Digit_1
                0x00000000        0xa APP/sevenSegment.o
 .text.Enable_Digit_2
                0x00000000        0xa APP/sevenSegment.o
 .text.Enable_Digit_3
                0x00000000        0xa APP/sevenSegment.o
 .text.Enable_Digit_4
                0x00000000        0xa APP/sevenSegment.o
 .text.sevenSegment_Init
                0x00000000        0x6 APP/sevenSegment.o
 .text.sevenSegment_Display
                0x00000000      0x186 APP/sevenSegment.o
 .rodata.BCD_VALUES
                0x00000000        0xa APP/sevenSegment.o
 .debug_info    0x00000000      0x5fc APP/sevenSegment.o
 .debug_abbrev  0x00000000      0x1c2 APP/sevenSegment.o
 .debug_loc     0x00000000      0x2f0 APP/sevenSegment.o
 .debug_aranges
                0x00000000       0x58 APP/sevenSegment.o
 .debug_ranges  0x00000000       0x48 APP/sevenSegment.o
 .debug_line    0x00000000      0x285 APP/sevenSegment.o
 .debug_str     0x00000000      0x394 APP/sevenSegment.o
 .comment       0x00000000       0x31 APP/sevenSegment.o
 .debug_frame   0x00000000       0xb4 APP/sevenSegment.o
 .text          0x00000000        0x0 APP/Stop_Watch.o
 .data          0x00000000        0x0 APP/Stop_Watch.o
 .bss           0x00000000        0x0 APP/Stop_Watch.o
 .text.segmentDisplay_Init
                0x00000000       0x20 APP/Stop_Watch.o
 .text.segmentDisplay
                0x00000000       0x86 APP/Stop_Watch.o
 .text.segmentDisplay_Running
                0x00000000      0x12e APP/Stop_Watch.o
 .rodata.segmentArray
                0x00000000        0xa APP/Stop_Watch.o
 .debug_info    0x00000000      0x5ed APP/Stop_Watch.o
 .debug_abbrev  0x00000000      0x197 APP/Stop_Watch.o
 .debug_loc     0x00000000      0x20e APP/Stop_Watch.o
 .debug_aranges
                0x00000000       0x30 APP/Stop_Watch.o
 .debug_ranges  0x00000000       0x20 APP/Stop_Watch.o
 .debug_line    0x00000000      0x2b1 APP/Stop_Watch.o
 .debug_str     0x00000000      0x34c APP/Stop_Watch.o
 .comment       0x00000000       0x31 APP/Stop_Watch.o
 .debug_frame   0x00000000       0x4c APP/Stop_Watch.o
 COMMON         0x00000000        0x5 APP/Stop_Watch.o
 .text          0x00000000        0x0 APP/Story_Teller_LCD.o
 .data          0x00000000        0x0 APP/Story_Teller_LCD.o
 .bss           0x00000000        0x0 APP/Story_Teller_LCD.o
 .rodata.str1.1
                0x00000000      0x16f APP/Story_Teller_LCD.o
 .text.make_Duaa
                0x00000000       0x42 APP/Story_Teller_LCD.o
 .text.draw_ChildrensLastLine
                0x00000000       0x28 APP/Story_Teller_LCD.o
 .text.Display_Story
                0x00000000      0x20a APP/Story_Teller_LCD.o
 .text.draw_ChildrensSecondLine
                0x00000000       0x28 APP/Story_Teller_LCD.o
 .text.End_Story
                0x00000000       0x12 APP/Story_Teller_LCD.o
 .rodata.pattern
                0x00000000        0x8 APP/Story_Teller_LCD.o
 .debug_info    0x00000000      0xa6e APP/Story_Teller_LCD.o
 .debug_abbrev  0x00000000      0x15c APP/Story_Teller_LCD.o
 .debug_loc     0x00000000      0x45a APP/Story_Teller_LCD.o
 .debug_aranges
                0x00000000       0x40 APP/Story_Teller_LCD.o
 .debug_ranges  0x00000000       0x30 APP/Story_Teller_LCD.o
 .debug_line    0x00000000      0x3ce APP/Story_Teller_LCD.o
 .debug_str     0x00000000      0x292 APP/Story_Teller_LCD.o
 .comment       0x00000000       0x31 APP/Story_Teller_LCD.o
 .debug_frame   0x00000000       0x74 APP/Story_Teller_LCD.o
 .text          0x00000000        0x0 CONFIG/DIO_Cfg.o
 .data          0x00000000        0x0 CONFIG/DIO_Cfg.o
 .bss           0x00000000        0x0 CONFIG/DIO_Cfg.o
 .text          0x00000000        0x0 ECUAL/KeyPad.o
 .data          0x00000000        0x0 ECUAL/KeyPad.o
 .bss           0x00000000        0x0 ECUAL/KeyPad.o
 .text.KEYPAD_GetKey
                0x00000000       0x98 ECUAL/KeyPad.o
 .rodata.KeysArr
                0x00000000       0x14 ECUAL/KeyPad.o
 .text          0x00000000        0x0 ECUAL/LCD.o
 .data          0x00000000        0x0 ECUAL/LCD.o
 .bss           0x00000000        0x0 ECUAL/LCD.o
 .text.swap     0x00000000       0x12 ECUAL/LCD.o
 .text.reverse  0x00000000       0x3c ECUAL/LCD.o
 .text.itoa     0x00000000       0xfe ECUAL/LCD.o
 .text.LCD_WriteNumber
                0x00000000       0x3a ECUAL/LCD.o
 .text.LCD_Write_4Digit
                0x00000000      0x142 ECUAL/LCD.o
 .text.LCD_WriteBinary
                0x00000000       0x34 ECUAL/LCD.o
 .text.LCD_WriteHex
                0x00000000       0x3c ECUAL/LCD.o
 .text.LCD_Clear
                0x00000000       0x14 ECUAL/LCD.o
 .text.LCD_CustomChar
                0x00000000       0x3a ECUAL/LCD.o
 .text          0x00000000        0x0 ECUAL/Sensors.o
 .data          0x00000000        0x0 ECUAL/Sensors.o
 .bss           0x00000000        0x0 ECUAL/Sensors.o
 .rodata.str1.1
                0x00000000       0x38 ECUAL/Sensors.o
 .text.Sensors_Init
                0x00000000       0x1a ECUAL/Sensors.o
 .text.SensorOne
                0x00000000       0x82 ECUAL/Sensors.o
 .text.SensorTwo
                0x00000000       0x12 ECUAL/Sensors.o
 .text.SensorThree
                0x00000000       0x82 ECUAL/Sensors.o
 .text.LDR_Start
                0x00000000       0x40 ECUAL/Sensors.o
 .text.LDR_Running
                0x00000000       0xf4 ECUAL/Sensors.o
 .text.LM35_Start
                0x00000000       0x5e ECUAL/Sensors.o
 .text.LM35_Running
                0x00000000       0x62 ECUAL/Sensors.o
 .bss.LM35_Volt
                0x00000000        0x2 ECUAL/Sensors.o
 .bss.LDR_Volt  0x00000000        0x2 ECUAL/Sensors.o
 .debug_info    0x00000000      0x95e ECUAL/Sensors.o
 .debug_abbrev  0x00000000      0x173 ECUAL/Sensors.o
 .debug_loc     0x00000000      0x34e ECUAL/Sensors.o
 .debug_aranges
                0x00000000       0x58 ECUAL/Sensors.o
 .debug_ranges  0x00000000       0x48 ECUAL/Sensors.o
 .debug_line    0x00000000      0x3c1 ECUAL/Sensors.o
 .debug_str     0x00000000      0x3ce ECUAL/Sensors.o
 .comment       0x00000000       0x31 ECUAL/Sensors.o
 .debug_frame   0x00000000       0xd4 ECUAL/Sensors.o
 .text          0x00000000        0x0 main.o
 .data          0x00000000        0x0 main.o
 .bss           0x00000000        0x0 main.o
 .text.uartRxFun
                0x00000000       0x12 main.o
 .data.key      0x00000000        0x1 main.o
 .bss.sensorReadArr
                0x00000000        0x6 main.o
 .bss.arrReading
                0x00000000        0x4 main.o
 .bss.channelCounter
                0x00000000        0x1 main.o
 .text          0x00000000        0x0 MCAL/ADC.o
 .data          0x00000000        0x0 MCAL/ADC.o
 .bss           0x00000000        0x0 MCAL/ADC.o
 .text.ADC_Init
                0x00000000       0x4a MCAL/ADC.o
 .text.ADC_Read
                0x00000000       0x1c MCAL/ADC.o
 .text.ADC_GetRead
                0x00000000        0xa MCAL/ADC.o
 .text.ADC_GetReadPerodic
                0x00000000       0x1a MCAL/ADC.o
 .text.ADC_GetReadNoblock
                0x00000000        0x6 MCAL/ADC.o
 .text.ADC_VoltRead
                0x00000000       0x1e MCAL/ADC.o
 .text.ADC_InterruptEnable
                0x00000000        0x8 MCAL/ADC.o
 .text.ADC_InterruptDisable
                0x00000000        0xe MCAL/ADC.o
 .text.ADC_SetCallBack
                0x00000000        0xa MCAL/ADC.o
 .text.ADC_StartConversion
                0x00000000       0x28 MCAL/ADC.o
 .text.ADC_Read_Asynchronous
                0x00000000       0x12 MCAL/ADC.o
 .text.ADC_TailChaining
                0x00000000        0x8 MCAL/ADC.o
 .text          0x00000000        0x0 MCAL/DIO.o
 .data          0x00000000        0x0 MCAL/DIO.o
 .bss           0x00000000        0x0 MCAL/DIO.o
 .text.DIO_ReadPin
                0x00000000       0x66 MCAL/DIO.o
 .text.DIO_TogglePin
                0x00000000       0x82 MCAL/DIO.o
 .text.DIO_WritePort
                0x00000000       0x20 MCAL/DIO.o
 .text.DIO_ReadPort
                0x00000000       0x24 MCAL/DIO.o
 .text          0x00000000        0x0 MCAL/Ex_Interrupt.o
 .data          0x00000000        0x0 MCAL/Ex_Interrupt.o
 .bss           0x00000000        0x0 MCAL/Ex_Interrupt.o
 .text.EXI_Disable
                0x00000000       0x24 MCAL/Ex_Interrupt.o
 .text          0x00000000        0x0 MCAL/SPI.o
 .data          0x00000000        0x0 MCAL/SPI.o
 .bss           0x00000000        0x0 MCAL/SPI.o
 .text.SPI_ReceivePerodic
                0x00000000       0x16 MCAL/SPI.o
 .text.SPI_SendNoBlock
                0x00000000        0x4 MCAL/SPI.o
 .text          0x00000000        0x0 MCAL/Timers.o
 .data          0x00000000        0x0 MCAL/Timers.o
 .bss           0x00000000        0x0 MCAL/Timers.o
 .text.TIMER0_Init
                0x00000000       0x54 MCAL/Timers.o
 .text.TIMER0_OC0Mode
                0x00000000       0x48 MCAL/Timers.o
 .text.TIMER0_SetCompareValue
                0x00000000        0x4 MCAL/Timers.o
 .text.TIMER0_SetTimerValue
                0x00000000        0x4 MCAL/Timers.o
 .text.TIMER0_GetTimerValue
                0x00000000        0x4 MCAL/Timers.o
 .text.TIMER0_OV_InterruptEnable
                0x00000000        0x8 MCAL/Timers.o
 .text.TIMER0_OV_InterruptDisable
                0x00000000        0x8 MCAL/Timers.o
 .text.TIMER0_OC_InterruptEnable
                0x00000000        0x8 MCAL/Timers.o
 .text.TIMER0_OC_InterruptDisable
                0x00000000        0x8 MCAL/Timers.o
 .text.TIMER0_OV_SetCallBack
                0x00000000        0xa MCAL/Timers.o
 .text.TIMER0_OC_SetCallBack
                0x00000000        0xa MCAL/Timers.o
 .text.TIMER0_OC_vect
                0x00000000       0x54 MCAL/Timers.o
 .text.Timer1_OCRA1Mode
                0x00000000       0x48 MCAL/Timers.o
 .text.Timer1_OCRB1Mode
                0x00000000       0x48 MCAL/Timers.o
 .text.Timer1_InputCaptureEdge
                0x00000000       0x18 MCAL/Timers.o
 .text.TIMER1_SetCompareValueA
                0x00000000        0x6 MCAL/Timers.o
 .text.TIMER1_SetCompareValueB
                0x00000000        0x6 MCAL/Timers.o
 .text.TIMER1_SetTimerValue
                0x00000000        0x6 MCAL/Timers.o
 .text.TIMER1_GetTimerValue
                0x00000000        0x6 MCAL/Timers.o
 .text.TIMER1_SetICUValue
                0x00000000        0x6 MCAL/Timers.o
 .text.TIMER1_GetICUValue
                0x00000000        0x6 MCAL/Timers.o
 .text.Timer1_ICU_InterruptEnable
                0x00000000        0x8 MCAL/Timers.o
 .text.Timer1_ICU_InterruptDisable
                0x00000000        0x8 MCAL/Timers.o
 .text.Timer1_OVF_InterruptEnable
                0x00000000        0x8 MCAL/Timers.o
 .text.Timer1_OVF_InterruptDisable
                0x00000000        0x8 MCAL/Timers.o
 .text.Timer1_OCA_InterruptDisable
                0x00000000        0x8 MCAL/Timers.o
 .text.Timer1_OCB_InterruptEnable
                0x00000000        0x8 MCAL/Timers.o
 .text.Timer1_OCB_InterruptDisable
                0x00000000        0x8 MCAL/Timers.o
 .text.Timer1_OVF_SetCallBack
                0x00000000        0xa MCAL/Timers.o
 .text.Timer1_OCB_SetCallBack
                0x00000000        0xa MCAL/Timers.o
 .text.Timer1_ICU_SetCallBack
                0x00000000        0xa MCAL/Timers.o
 .text.TIMER1_OCB_vect
                0x00000000       0x54 MCAL/Timers.o
 .text.TIMER1_ICU_vect
                0x00000000       0x54 MCAL/Timers.o
 .text.TIMER2_Init
                0x00000000       0x54 MCAL/Timers.o
 .text.TIMER2_OC2Mode
                0x00000000       0x48 MCAL/Timers.o
 .text.TIMER2_SetCompareValue
                0x00000000        0x4 MCAL/Timers.o
 .text.TIMER2_SetTimerValue
                0x00000000        0x4 MCAL/Timers.o
 .text.TIMER2_GetTimerValue
                0x00000000        0x4 MCAL/Timers.o
 .text.TIMER2_OV_InterruptEnable
                0x00000000        0x8 MCAL/Timers.o
 .text.TIMER2_OV_InterruptDisable
                0x00000000        0x8 MCAL/Timers.o
 .text.TIMER2_OC_InterruptEnable
                0x00000000        0x8 MCAL/Timers.o
 .text.TIMER2_OC_InterruptDisable
                0x00000000        0x8 MCAL/Timers.o
 .text.TIMER2_OV_SetCallBack
                0x00000000        0xa MCAL/Timers.o
 .text.TIMER2_OC_SetCallBack
                0x00000000        0xa MCAL/Timers.o
 .data.Timer1_ICU_Fptr
                0x00000000        0x2 MCAL/Timers.o
 .data.Timer1_OCB_Fptr
                0x00000000        0x2 MCAL/Timers.o
 .data.Timer0_OC_Fptr
                0x00000000        0x2 MCAL/Timers.o
 .text          0x00000000        0x0 MCAL/UART.o
 .data          0x00000000        0x0 MCAL/UART.o
 .bss           0x00000000        0x0 MCAL/UART.o
 .text.UART_Send
                0x00000000        0x8 MCAL/UART.o
 .text.UART_SendNoBlock
                0x00000000        0x4 MCAL/UART.o
 .text.UART_ReceiveNoBlock
                0x00000000        0x4 MCAL/UART.o
 .text.UART_Receive
                0x00000000        0x8 MCAL/UART.o
 .text.UART_ReceivePerodic
                0x00000000       0x16 MCAL/UART.o
 .text.UART_RX_InterruptEnable
                0x00000000        0x8 MCAL/UART.o
 .text.UART_RX_InterruptDisable
                0x00000000        0x8 MCAL/UART.o
 .text.UART_TX_InterruptEnable
                0x00000000        0x8 MCAL/UART.o
 .text.UART_TX_InterruptDisable
                0x00000000        0x8 MCAL/UART.o
 .text.UART_RX_SetCallBack
                0x00000000        0xa MCAL/UART.o
 .text.UART_TX_SetCallBack
                0x00000000        0xa MCAL/UART.o
 .text          0x00000000        0x0 Services/Timers_Services.o
 .data          0x00000000        0x0 Services/Timers_Services.o
 .bss           0x00000000        0x0 Services/Timers_Services.o
 .text.Func_ICU
                0x00000000       0x82 Services/Timers_Services.o
 .text.PWM_Init
                0x00000000        0xa Services/Timers_Services.o
 .text.PWM_Freq_KHZ
                0x00000000       0x24 Services/Timers_Services.o
 .text.PWM_Freq_HZ
                0x00000000       0x2c Services/Timers_Services.o
 .text.PWM_Duty
                0x00000000       0x34 Services/Timers_Services.o
 .text.Timer1_SetInterruptTime_ms
                0x00000000       0x40 Services/Timers_Services.o
 .text.Timer1_SetInterruptTime_us
                0x00000000       0x12 Services/Timers_Services.o
 .text.PWM_Measure2
                0x00000000       0xc0 Services/Timers_Services.o
 .text.PWM_Measure
                0x00000000      0x112 Services/Timers_Services.o
 .bss.flag      0x00000000        0x2 Services/Timers_Services.o
 .bss.t3        0x00000000        0x2 Services/Timers_Services.o
 .bss.t2        0x00000000        0x2 Services/Timers_Services.o
 .bss.t1        0x00000000        0x2 Services/Timers_Services.o
 .text          0x00000000        0x0 Services/UART_Services.o
 .data          0x00000000        0x0 Services/UART_Services.o
 .bss           0x00000000        0x0 Services/UART_Services.o
 .text.func_tx  0x00000000       0x42 Services/UART_Services.o
 .text.UART_SendString
                0x00000000       0x26 Services/UART_Services.o
 .text.UART_ReceiveString
                0x00000000       0x42 Services/UART_Services.o
 .text.UART_SendNumber
                0x00000000       0x2c Services/UART_Services.o
 .text.UART_ReceiveNumber
                0x00000000       0x68 Services/UART_Services.o
 .text.UART_SendNumber2
                0x00000000       0x3a Services/UART_Services.o
 .text.UART_ReceiveNumber2
                0x00000000       0x3a Services/UART_Services.o
 .text.endian_check
                0x00000000        0x4 Services/UART_Services.o
 .text.endian_convert_u16
                0x00000000        0x8 Services/UART_Services.o
 .text.endian_convert_u32
                0x00000000       0x62 Services/UART_Services.o
 .text.endian_convert_u32_2
                0x00000000       0x38 Services/UART_Services.o
 .text.UART_SendStringCheckSum
                0x00000000       0x58 Services/UART_Services.o
 .text.UART_ReceiveStringCheckSum
                0x00000000       0xe6 Services/UART_Services.o
 .text.UART_SendStringAshync
                0x00000000       0x38 Services/UART_Services.o
 .bss.i.1756    0x00000000        0x1 Services/UART_Services.o
 .data.j.1751   0x00000000        0x1 Services/UART_Services.o
 .bss.i.1752    0x00000000        0x1 Services/UART_Services.o
 .bss.TX_Str    0x00000000       0x14 Services/UART_Services.o
 .debug_info    0x00000000      0x769 Services/UART_Services.o
 .debug_abbrev  0x00000000      0x15f Services/UART_Services.o
 .debug_loc     0x00000000      0x7e1 Services/UART_Services.o
 .debug_aranges
                0x00000000       0x88 Services/UART_Services.o
 .debug_ranges  0x00000000       0x78 Services/UART_Services.o
 .debug_line    0x00000000      0x3e1 Services/UART_Services.o
 .debug_str     0x00000000      0x313 Services/UART_Services.o
 .comment       0x00000000       0x31 Services/UART_Services.o
 .debug_frame   0x00000000      0x1fc Services/UART_Services.o
 .text          0x00000000        0x0 c:/program files (x86)/atmel/studio/7.0/toolchain/avr8/avr8-gnu-toolchain/bin/../lib/gcc/avr/5.4.0/avr5\libgcc.a(_udivmodhi4.o)
 .data          0x00000000        0x0 c:/program files (x86)/atmel/studio/7.0/toolchain/avr8/avr8-gnu-toolchain/bin/../lib/gcc/avr/5.4.0/avr5\libgcc.a(_udivmodhi4.o)
 .bss           0x00000000        0x0 c:/program files (x86)/atmel/studio/7.0/toolchain/avr8/avr8-gnu-toolchain/bin/../lib/gcc/avr/5.4.0/avr5\libgcc.a(_udivmodhi4.o)
 .text.libgcc.mul
                0x00000000        0x0 c:/program files (x86)/atmel/studio/7.0/toolchain/avr8/avr8-gnu-toolchain/bin/../lib/gcc/avr/5.4.0/avr5\libgcc.a(_udivmodhi4.o)
 .text.libgcc.div
                0x00000000       0x28 c:/program files (x86)/atmel/studio/7.0/toolchain/avr8/avr8-gnu-toolchain/bin/../lib/gcc/avr/5.4.0/avr5\libgcc.a(_udivmodhi4.o)
 .text.libgcc   0x00000000        0x0 c:/program files (x86)/atmel/studio/7.0/toolchain/avr8/avr8-gnu-toolchain/bin/../lib/gcc/avr/5.4.0/avr5\libgcc.a(_udivmodhi4.o)
 .text.libgcc.prologue
                0x00000000        0x0 c:/program files (x86)/atmel/studio/7.0/toolchain/avr8/avr8-gnu-toolchain/bin/../lib/gcc/avr/5.4.0/avr5\libgcc.a(_udivmodhi4.o)
 .text.libgcc.builtins
                0x00000000        0x0 c:/program files (x86)/atmel/studio/7.0/toolchain/avr8/avr8-gnu-toolchain/bin/../lib/gcc/avr/5.4.0/avr5\libgcc.a(_udivmodhi4.o)
 .text.libgcc.fmul
                0x00000000        0x0 c:/program files (x86)/atmel/studio/7.0/toolchain/avr8/avr8-gnu-toolchain/bin/../lib/gcc/avr/5.4.0/avr5\libgcc.a(_udivmodhi4.o)
 .text.libgcc.fixed
                0x00000000        0x0 c:/program files (x86)/atmel/studio/7.0/toolchain/avr8/avr8-gnu-toolchain/bin/../lib/gcc/avr/5.4.0/avr5\libgcc.a(_udivmodhi4.o)
 .text          0x00000000        0x0 c:/program files (x86)/atmel/studio/7.0/toolchain/avr8/avr8-gnu-toolchain/bin/../lib/gcc/avr/5.4.0/avr5\libgcc.a(_divmodhi4.o)
 .data          0x00000000        0x0 c:/program files (x86)/atmel/studio/7.0/toolchain/avr8/avr8-gnu-toolchain/bin/../lib/gcc/avr/5.4.0/avr5\libgcc.a(_divmodhi4.o)
 .bss           0x00000000        0x0 c:/program files (x86)/atmel/studio/7.0/toolchain/avr8/avr8-gnu-toolchain/bin/../lib/gcc/avr/5.4.0/avr5\libgcc.a(_divmodhi4.o)
 .text.libgcc.mul
                0x00000000        0x0 c:/program files (x86)/atmel/studio/7.0/toolchain/avr8/avr8-gnu-toolchain/bin/../lib/gcc/avr/5.4.0/avr5\libgcc.a(_divmodhi4.o)
 .text.libgcc.div
                0x00000000       0x28 c:/program files (x86)/atmel/studio/7.0/toolchain/avr8/avr8-gnu-toolchain/bin/../lib/gcc/avr/5.4.0/avr5\libgcc.a(_divmodhi4.o)
 .text.libgcc   0x00000000        0x0 c:/program files (x86)/atmel/studio/7.0/toolchain/avr8/avr8-gnu-toolchain/bin/../lib/gcc/avr/5.4.0/avr5\libgcc.a(_divmodhi4.o)
 .text.libgcc.prologue
                0x00000000        0x0 c:/program files (x86)/atmel/studio/7.0/toolchain/avr8/avr8-gnu-toolchain/bin/../lib/gcc/avr/5.4.0/avr5\libgcc.a(_divmodhi4.o)
 .text.libgcc.builtins
                0x00000000        0x0 c:/program files (x86)/atmel/studio/7.0/toolchain/avr8/avr8-gnu-toolchain/bin/../lib/gcc/avr/5.4.0/avr5\libgcc.a(_divmodhi4.o)
 .text.libgcc.fmul
                0x00000000        0x0 c:/program files (x86)/atmel/studio/7.0/toolchain/avr8/avr8-gnu-toolchain/bin/../lib/gcc/avr/5.4.0/avr5\libgcc.a(_divmodhi4.o)
 .text.libgcc.fixed
                0x00000000        0x0 c:/program files (x86)/atmel/studio/7.0/toolchain/avr8/avr8-gnu-toolchain/bin/../lib/gcc/avr/5.4.0/avr5\libgcc.a(_divmodhi4.o)
 .text          0x00000000        0x0 c:/program files (x86)/atmel/studio/7.0/toolchain/avr8/avr8-gnu-toolchain/bin/../lib/gcc/avr/5.4.0/avr5\libgcc.a(_udivmodsi4.o)
 .data          0x00000000        0x0 c:/program files (x86)/atmel/studio/7.0/toolchain/avr8/avr8-gnu-toolchain/bin/../lib/gcc/avr/5.4.0/avr5\libgcc.a(_udivmodsi4.o)
 .bss           0x00000000        0x0 c:/program files (x86)/atmel/studio/7.0/toolchain/avr8/avr8-gnu-toolchain/bin/../lib/gcc/avr/5.4.0/avr5\libgcc.a(_udivmodsi4.o)
 .text.libgcc.mul
                0x00000000        0x0 c:/program files (x86)/atmel/studio/7.0/toolchain/avr8/avr8-gnu-toolchain/bin/../lib/gcc/avr/5.4.0/avr5\libgcc.a(_udivmodsi4.o)
 .text.libgcc   0x00000000        0x0 c:/program files (x86)/atmel/studio/7.0/toolchain/avr8/avr8-gnu-toolchain/bin/../lib/gcc/avr/5.4.0/avr5\libgcc.a(_udivmodsi4.o)
 .text.libgcc.prologue
                0x00000000        0x0 c:/program files (x86)/atmel/studio/7.0/toolchain/avr8/avr8-gnu-toolchain/bin/../lib/gcc/avr/5.4.0/avr5\libgcc.a(_udivmodsi4.o)
 .text.libgcc.builtins
                0x00000000        0x0 c:/program files (x86)/atmel/studio/7.0/toolchain/avr8/avr8-gnu-toolchain/bin/../lib/gcc/avr/5.4.0/avr5\libgcc.a(_udivmodsi4.o)
 .text.libgcc.fmul
                0x00000000        0x0 c:/program files (x86)/atmel/studio/7.0/toolchain/avr8/avr8-gnu-toolchain/bin/../lib/gcc/avr/5.4.0/avr5\libgcc.a(_udivmodsi4.o)
 .text.libgcc.fixed
                0x00000000        0x0 c:/program files (x86)/atmel/studio/7.0/toolchain/avr8/avr8-gnu-toolchain/bin/../lib/gcc/avr/5.4.0/avr5\libgcc.a(_udivmodsi4.o)
 .text          0x00000000        0x0 c:/program files (x86)/atmel/studio/7.0/toolchain/avr8/avr8-gnu-toolchain/bin/../lib/gcc/avr/5.4.0/avr5\libgcc.a(_divmodsi4.o)
 .data          0x00000000        0x0 c:/program files (x86)/atmel/studio/7.0/toolchain/avr8/avr8-gnu-toolchain/bin/../lib/gcc/avr/5.4.0/avr5\libgcc.a(_divmodsi4.o)
 .bss           0x00000000        0x0 c:/program files (x86)/atmel/studio/7.0/toolchain/avr8/avr8-gnu-toolchain/bin/../lib/gcc/avr/5.4.0/avr5\libgcc.a(_divmodsi4.o)
 .text.libgcc.mul
                0x00000000        0x0 c:/program files (x86)/atmel/studio/7.0/toolchain/avr8/avr8-gnu-toolchain/bin/../lib/gcc/avr/5.4.0/avr5\libgcc.a(_divmodsi4.o)
 .text.libgcc   0x00000000        0x0 c:/program files (x86)/atmel/studio/7.0/toolchain/avr8/avr8-gnu-toolchain/bin/../lib/gcc/avr/5.4.0/avr5\libgcc.a(_divmodsi4.o)
 .text.libgcc.prologue
                0x00000000        0x0 c:/program files (x86)/atmel/studio/7.0/toolchain/avr8/avr8-gnu-toolchain/bin/../lib/gcc/avr/5.4.0/avr5\libgcc.a(_divmodsi4.o)
 .text.libgcc.builtins
                0x00000000        0x0 c:/program files (x86)/atmel/studio/7.0/toolchain/avr8/avr8-gnu-toolchain/bin/../lib/gcc/avr/5.4.0/avr5\libgcc.a(_divmodsi4.o)
 .text.libgcc.fmul
                0x00000000        0x0 c:/program files (x86)/atmel/studio/7.0/toolchain/avr8/avr8-gnu-toolchain/bin/../lib/gcc/avr/5.4.0/avr5\libgcc.a(_divmodsi4.o)
 .text.libgcc.fixed
                0x00000000        0x0 c:/program files (x86)/atmel/studio/7.0/toolchain/avr8/avr8-gnu-toolchain/bin/../lib/gcc/avr/5.4.0/avr5\libgcc.a(_divmodsi4.o)
 .text          0x00000000        0x0 c:/program files (x86)/atmel/studio/7.0/toolchain/avr8/avr8-gnu-toolchain/bin/../lib/gcc/avr/5.4.0/avr5\libgcc.a(_negsi2.o)
 .data          0x00000000        0x0 c:/program files (x86)/atmel/studio/7.0/toolchain/avr8/avr8-gnu-toolchain/bin/../lib/gcc/avr/5.4.0/avr5\libgcc.a(_negsi2.o)
 .bss           0x00000000        0x0 c:/program files (x86)/atmel/studio/7.0/toolchain/avr8/avr8-gnu-toolchain/bin/../lib/gcc/avr/5.4.0/avr5\libgcc.a(_negsi2.o)
 .text.libgcc.mul
                0x00000000        0x0 c:/program files (x86)/atmel/studio/7.0/toolchain/avr8/avr8-gnu-toolchain/bin/../lib/gcc/avr/5.4.0/avr5\libgcc.a(_negsi2.o)
 .text.libgcc   0x00000000        0x0 c:/program files (x86)/atmel/studio/7.0/toolchain/avr8/avr8-gnu-toolchain/bin/../lib/gcc/avr/5.4.0/avr5\libgcc.a(_negsi2.o)
 .text.libgcc.prologue
                0x00000000        0x0 c:/program files (x86)/atmel/studio/7.0/toolchain/avr8/avr8-gnu-toolchain/bin/../lib/gcc/avr/5.4.0/avr5\libgcc.a(_negsi2.o)
 .text.libgcc.builtins
                0x00000000        0x0 c:/program files (x86)/atmel/studio/7.0/toolchain/avr8/avr8-gnu-toolchain/bin/../lib/gcc/avr/5.4.0/avr5\libgcc.a(_negsi2.o)
 .text.libgcc.fmul
                0x00000000        0x0 c:/program files (x86)/atmel/studio/7.0/toolchain/avr8/avr8-gnu-toolchain/bin/../lib/gcc/avr/5.4.0/avr5\libgcc.a(_negsi2.o)
 .text.libgcc.fixed
                0x00000000        0x0 c:/program files (x86)/atmel/studio/7.0/toolchain/avr8/avr8-gnu-toolchain/bin/../lib/gcc/avr/5.4.0/avr5\libgcc.a(_negsi2.o)
 .text          0x00000000        0x0 c:/program files (x86)/atmel/studio/7.0/toolchain/avr8/avr8-gnu-toolchain/bin/../lib/gcc/avr/5.4.0/avr5\libgcc.a(_exit.o)
 .data          0x00000000        0x0 c:/program files (x86)/atmel/studio/7.0/toolchain/avr8/avr8-gnu-toolchain/bin/../lib/gcc/avr/5.4.0/avr5\libgcc.a(_exit.o)
 .bss           0x00000000        0x0 c:/program files (x86)/atmel/studio/7.0/toolchain/avr8/avr8-gnu-toolchain/bin/../lib/gcc/avr/5.4.0/avr5\libgcc.a(_exit.o)
 .text.libgcc.mul
                0x00000000        0x0 c:/program files (x86)/atmel/studio/7.0/toolchain/avr8/avr8-gnu-toolchain/bin/../lib/gcc/avr/5.4.0/avr5\libgcc.a(_exit.o)
 .text.libgcc.div
                0x00000000        0x0 c:/program files (x86)/atmel/studio/7.0/toolchain/avr8/avr8-gnu-toolchain/bin/../lib/gcc/avr/5.4.0/avr5\libgcc.a(_exit.o)
 .text.libgcc   0x00000000        0x0 c:/program files (x86)/atmel/studio/7.0/toolchain/avr8/avr8-gnu-toolchain/bin/../lib/gcc/avr/5.4.0/avr5\libgcc.a(_exit.o)
 .text.libgcc.prologue
                0x00000000        0x0 c:/program files (x86)/atmel/studio/7.0/toolchain/avr8/avr8-gnu-toolchain/bin/../lib/gcc/avr/5.4.0/avr5\libgcc.a(_exit.o)
 .text.libgcc.builtins
                0x00000000        0x0 c:/program files (x86)/atmel/studio/7.0/toolchain/avr8/avr8-gnu-toolchain/bin/../lib/gcc/avr/5.4.0/avr5\libgcc.a(_exit.o)
 .text.libgcc.fmul
                0x00000000        0x0 c:/program files (x86)/atmel/studio/7.0/toolchain/avr8/avr8-gnu-toolchain/bin/../lib/gcc/avr/5.4.0/avr5\libgcc.a(_exit.o)
 .text.libgcc.fixed
                0x00000000        0x0 c:/program files (x86)/atmel/studio/7.0/toolchain/avr8/avr8-gnu-toolchain/bin/../lib/gcc/avr/5.4.0/avr5\libgcc.a(_exit.o)
 .text          0x00000000        0x0 c:/program files (x86)/atmel/studio/7.0/toolchain/avr8/avr8-gnu-toolchain/bin/../lib/gcc/avr/5.4.0/avr5\libgcc.a(_copy_data.o)
 .data          0x00000000        0x0 c:/program files (x86)/atmel/studio/7.0/toolchain/avr8/avr8-gnu-toolchain/bin/../lib/gcc/avr/5.4.0/avr5\libgcc.a(_copy_data.o)
 .bss           0x00000000        0x0 c:/program files (x86)/atmel/studio/7.0/toolchain/avr8/avr8-gnu-toolchain/bin/../lib/gcc/avr/5.4.0/avr5\libgcc.a(_copy_data.o)
 .text.libgcc.mul
                0x00000000        0x0 c:/program files (x86)/atmel/studio/7.0/toolchain/avr8/avr8-gnu-toolchain/bin/../lib/gcc/avr/5.4.0/avr5\libgcc.a(_copy_data.o)
 .text.libgcc.div
                0x00000000        0x0 c:/program files (x86)/atmel/studio/7.0/toolchain/avr8/avr8-gnu-toolchain/bin/../lib/gcc/avr/5.4.0/avr5\libgcc.a(_copy_data.o)
 .text.libgcc   0x00000000        0x0 c:/program files (x86)/atmel/studio/7.0/toolchain/avr8/avr8-gnu-toolchain/bin/../lib/gcc/avr/5.4.0/avr5\libgcc.a(_copy_data.o)
 .text.libgcc.prologue
                0x00000000        0x0 c:/program files (x86)/atmel/studio/7.0/toolchain/avr8/avr8-gnu-toolchain/bin/../lib/gcc/avr/5.4.0/avr5\libgcc.a(_copy_data.o)
 .text.libgcc.builtins
                0x00000000        0x0 c:/program files (x86)/atmel/studio/7.0/toolchain/avr8/avr8-gnu-toolchain/bin/../lib/gcc/avr/5.4.0/avr5\libgcc.a(_copy_data.o)
 .text.libgcc.fmul
                0x00000000        0x0 c:/program files (x86)/atmel/studio/7.0/toolchain/avr8/avr8-gnu-toolchain/bin/../lib/gcc/avr/5.4.0/avr5\libgcc.a(_copy_data.o)
 .text.libgcc.fixed
                0x00000000        0x0 c:/program files (x86)/atmel/studio/7.0/toolchain/avr8/avr8-gnu-toolchain/bin/../lib/gcc/avr/5.4.0/avr5\libgcc.a(_copy_data.o)
 .text          0x00000000        0x0 c:/program files (x86)/atmel/studio/7.0/toolchain/avr8/avr8-gnu-toolchain/bin/../lib/gcc/avr/5.4.0/avr5\libgcc.a(_clear_bss.o)
 .data          0x00000000        0x0 c:/program files (x86)/atmel/studio/7.0/toolchain/avr8/avr8-gnu-toolchain/bin/../lib/gcc/avr/5.4.0/avr5\libgcc.a(_clear_bss.o)
 .bss           0x00000000        0x0 c:/program files (x86)/atmel/studio/7.0/toolchain/avr8/avr8-gnu-toolchain/bin/../lib/gcc/avr/5.4.0/avr5\libgcc.a(_clear_bss.o)
 .text.libgcc.mul
                0x00000000        0x0 c:/program files (x86)/atmel/studio/7.0/toolchain/avr8/avr8-gnu-toolchain/bin/../lib/gcc/avr/5.4.0/avr5\libgcc.a(_clear_bss.o)
 .text.libgcc.div
                0x00000000        0x0 c:/program files (x86)/atmel/studio/7.0/toolchain/avr8/avr8-gnu-toolchain/bin/../lib/gcc/avr/5.4.0/avr5\libgcc.a(_clear_bss.o)
 .text.libgcc   0x00000000        0x0 c:/program files (x86)/atmel/studio/7.0/toolchain/avr8/avr8-gnu-toolchain/bin/../lib/gcc/avr/5.4.0/avr5\libgcc.a(_clear_bss.o)
 .text.libgcc.prologue
                0x00000000        0x0 c:/program files (x86)/atmel/studio/7.0/toolchain/avr8/avr8-gnu-toolchain/bin/../lib/gcc/avr/5.4.0/avr5\libgcc.a(_clear_bss.o)
 .text.libgcc.builtins
                0x00000000        0x0 c:/program files (x86)/atmel/studio/7.0/toolchain/avr8/avr8-gnu-toolchain/bin/../lib/gcc/avr/5.4.0/avr5\libgcc.a(_clear_bss.o)
 .text.libgcc.fmul
                0x00000000        0x0 c:/program files (x86)/atmel/studio/7.0/toolchain/avr8/avr8-gnu-toolchain/bin/../lib/gcc/avr/5.4.0/avr5\libgcc.a(_clear_bss.o)
 .text.libgcc.fixed
                0x00000000        0x0 c:/program files (x86)/atmel/studio/7.0/toolchain/avr8/avr8-gnu-toolchain/bin/../lib/gcc/avr/5.4.0/avr5\libgcc.a(_clear_bss.o)
 .text          0x00000000        0x0 c:/program files (x86)/atmel/studio/7.0/toolchain/avr8/avr8-gnu-toolchain/bin/../lib/gcc/avr/5.4.0/avr5\libgcc.a(_umulhisi3.o)
 .data          0x00000000        0x0 c:/program files (x86)/atmel/studio/7.0/toolchain/avr8/avr8-gnu-toolchain/bin/../lib/gcc/avr/5.4.0/avr5\libgcc.a(_umulhisi3.o)
 .bss           0x00000000        0x0 c:/program files (x86)/atmel/studio/7.0/toolchain/avr8/avr8-gnu-toolchain/bin/../lib/gcc/avr/5.4.0/avr5\libgcc.a(_umulhisi3.o)
 .text.libgcc.mul
                0x00000000       0x1e c:/program files (x86)/atmel/studio/7.0/toolchain/avr8/avr8-gnu-toolchain/bin/../lib/gcc/avr/5.4.0/avr5\libgcc.a(_umulhisi3.o)
 .text.libgcc.div
                0x00000000        0x0 c:/program files (x86)/atmel/studio/7.0/toolchain/avr8/avr8-gnu-toolchain/bin/../lib/gcc/avr/5.4.0/avr5\libgcc.a(_umulhisi3.o)
 .text.libgcc   0x00000000        0x0 c:/program files (x86)/atmel/studio/7.0/toolchain/avr8/avr8-gnu-toolchain/bin/../lib/gcc/avr/5.4.0/avr5\libgcc.a(_umulhisi3.o)
 .text.libgcc.prologue
                0x00000000        0x0 c:/program files (x86)/atmel/studio/7.0/toolchain/avr8/avr8-gnu-toolchain/bin/../lib/gcc/avr/5.4.0/avr5\libgcc.a(_umulhisi3.o)
 .text.libgcc.builtins
                0x00000000        0x0 c:/program files (x86)/atmel/studio/7.0/toolchain/avr8/avr8-gnu-toolchain/bin/../lib/gcc/avr/5.4.0/avr5\libgcc.a(_umulhisi3.o)
 .text.libgcc.fmul
                0x00000000        0x0 c:/program files (x86)/atmel/studio/7.0/toolchain/avr8/avr8-gnu-toolchain/bin/../lib/gcc/avr/5.4.0/avr5\libgcc.a(_umulhisi3.o)
 .text.libgcc.fixed
                0x00000000        0x0 c:/program files (x86)/atmel/studio/7.0/toolchain/avr8/avr8-gnu-toolchain/bin/../lib/gcc/avr/5.4.0/avr5\libgcc.a(_umulhisi3.o)
 .text          0x00000000        0x0 c:/program files (x86)/atmel/studio/7.0/toolchain/avr8/avr8-gnu-toolchain/bin/../lib/gcc/avr/5.4.0/avr5\libgcc.a(_muluhisi3.o)
 .data          0x00000000        0x0 c:/program files (x86)/atmel/studio/7.0/toolchain/avr8/avr8-gnu-toolchain/bin/../lib/gcc/avr/5.4.0/avr5\libgcc.a(_muluhisi3.o)
 .bss           0x00000000        0x0 c:/program files (x86)/atmel/studio/7.0/toolchain/avr8/avr8-gnu-toolchain/bin/../lib/gcc/avr/5.4.0/avr5\libgcc.a(_muluhisi3.o)
 .text.libgcc.mul
                0x00000000       0x16 c:/program files (x86)/atmel/studio/7.0/toolchain/avr8/avr8-gnu-toolchain/bin/../lib/gcc/avr/5.4.0/avr5\libgcc.a(_muluhisi3.o)
 .text.libgcc.div
                0x00000000        0x0 c:/program files (x86)/atmel/studio/7.0/toolchain/avr8/avr8-gnu-toolchain/bin/../lib/gcc/avr/5.4.0/avr5\libgcc.a(_muluhisi3.o)
 .text.libgcc   0x00000000        0x0 c:/program files (x86)/atmel/studio/7.0/toolchain/avr8/avr8-gnu-toolchain/bin/../lib/gcc/avr/5.4.0/avr5\libgcc.a(_muluhisi3.o)
 .text.libgcc.prologue
                0x00000000        0x0 c:/program files (x86)/atmel/studio/7.0/toolchain/avr8/avr8-gnu-toolchain/bin/../lib/gcc/avr/5.4.0/avr5\libgcc.a(_muluhisi3.o)
 .text.libgcc.builtins
                0x00000000        0x0 c:/program files (x86)/atmel/studio/7.0/toolchain/avr8/avr8-gnu-toolchain/bin/../lib/gcc/avr/5.4.0/avr5\libgcc.a(_muluhisi3.o)
 .text.libgcc.fmul
                0x00000000        0x0 c:/program files (x86)/atmel/studio/7.0/toolchain/avr8/avr8-gnu-toolchain/bin/../lib/gcc/avr/5.4.0/avr5\libgcc.a(_muluhisi3.o)
 .text.libgcc.fixed
                0x00000000        0x0 c:/program files (x86)/atmel/studio/7.0/toolchain/avr8/avr8-gnu-toolchain/bin/../lib/gcc/avr/5.4.0/avr5\libgcc.a(_muluhisi3.o)

Memory Configuration

Name             Origin             Length             Attributes
text             0x00000000         0x00008000         xr
data             0x00800060         0x00000800         rw !x
eeprom           0x00810000         0x00000400         rw !x
fuse             0x00820000         0x00000002         rw !x
lock             0x00830000         0x00000400         rw !x
signature        0x00840000         0x00000400         rw !x
user_signatures  0x00850000         0x00000400         rw !x
*default*        0x00000000         0xffffffff

Linker script and memory map

LOAD C:/Program Files (x86)/Atmel/Studio/7.0/Packs/atmel/ATmega_DFP/1.7.374/gcc/dev/atmega32/avr5/crtatmega32.o
LOAD APP/Calculator.o
LOAD APP/LCD_Game.o
LOAD APP/Servo_Motor.o
LOAD APP/sevenSegment.o
LOAD APP/Stop_Watch.o
LOAD APP/Story_Teller_LCD.o
LOAD CONFIG/DIO_Cfg.o
LOAD ECUAL/KeyPad.o
LOAD ECUAL/LCD.o
LOAD ECUAL/Sensors.o
LOAD main.o
LOAD MCAL/ADC.o
LOAD MCAL/DIO.o
LOAD MCAL/Ex_Interrupt.o
LOAD MCAL/SPI.o
LOAD MCAL/Timers.o
LOAD MCAL/UART.o
LOAD Services/Timers_Services.o
LOAD Services/UART_Services.o
START GROUP
LOAD c:/program files (x86)/atmel/studio/7.0/toolchain/avr8/avr8-gnu-toolchain/bin/../lib/gcc/avr/5.4.0/../../../../avr/lib/avr5\libm.a
END GROUP
START GROUP
LOAD c:/program files (x86)/atmel/studio/7.0/toolchain/avr8/avr8-gnu-toolchain/bin/../lib/gcc/avr/5.4.0/avr5\libgcc.a
LOAD c:/program files (x86)/atmel/studio/7.0/toolchain/avr8/avr8-gnu-toolchain/bin/../lib/gcc/avr/5.4.0/../../../../avr/lib/avr5\libm.a
LOAD c:/program files (x86)/atmel/studio/7.0/toolchain/avr8/avr8-gnu-toolchain/bin/../lib/gcc/avr/5.4.0/../../../../avr/lib/avr5\libc.a
LOAD C:/Program Files (x86)/Atmel/Studio/7.0/Packs/atmel/ATmega_DFP/1.7.374/gcc/dev/atmega32/avr5\libatmega32.a
END GROUP
                0x00000000                __TEXT_REGION_ORIGIN__ = DEFINED (__TEXT_REGION_ORIGIN__)?__TEXT_REGION_ORIGIN__:0x0
                [0x00800060]                __DATA_REGION_ORIGIN__ = DEFINED (__DATA_REGION_ORIGIN__)?__DATA_REGION_ORIGIN__:0x800060
                [0x00008000]                __TEXT_REGION_LENGTH__ = DEFINED (__TEXT_REGION_LENGTH__)?__TEXT_REGION_LENGTH__:0x20000
                [0x00000800]                __DATA_REGION_LENGTH__ = DEFINED (__DATA_REGION_LENGTH__)?__DATA_REGION_LENGTH__:0xffa0
                [0x00000400]                __EEPROM_REGION_LENGTH__ = DEFINED (__EEPROM_REGION_LENGTH__)?__EEPROM_REGION_LENGTH__:0x10000
                [0x00000002]                __FUSE_REGION_LENGTH__ = DEFINED (__FUSE_REGION_LENGTH__)?__FUSE_REGION_LENGTH__:0x400
                0x00000400                __LOCK_REGION_LENGTH__ = DEFINED (__LOCK_REGION_LENGTH__)?__LOCK_REGION_LENGTH__:0x400
                0x00000400                __SIGNATURE_REGION_LENGTH__ = DEFINED (__SIGNATURE_REGION_LENGTH__)?__SIGNATURE_REGION_LENGTH__:0x400
                0x00000400                __USER_SIGNATURE_REGION_LENGTH__ = DEFINED (__USER_SIGNATURE_REGION_LENGTH__)?__USER_SIGNATURE_REGION_LENGTH__:0x400

.hash
 *(.hash)

.dynsym
 *(.dynsym)

.dynstr
 *(.dynstr)

.gnu.version
 *(.gnu.version)

.gnu.version_d
 *(.gnu.version_d)

.gnu.version_r
 *(.gnu.version_r)

.rel.init
 *(.rel.init)

.rela.init
 *(.rela.init)

.rel.text
 *(.rel.text)
 *(.rel.text.*)
 *(.rel.gnu.linkonce.t*)

.rela.text
 *(.rela.text)
 *(.rela.text.*)
 *(.rela.gnu.linkonce.t*)

.rel.fini
 *(.rel.fini)

.rela.fini
 *(.rela.fini)

.rel.rodata
 *(.rel.rodata)
 *(.rel.rodata.*)
 *(.rel.gnu.linkonce.r*)

.rela.rodata
 *(.rela.rodata)
 *(.rela.rodata.*)
 *(.rela.gnu.linkonce.r*)

.rel.data
 *(.rel.data)
 *(.rel.data.*)
 *(.rel.gnu.linkonce.d*)

.rela.data
 *(.rela.data)
 *(.rela.data.*)
 *(.rela.gnu.linkonce.d*)

.rel.ctors
 *(.rel.ctors)

.rela.ctors
 *(.rela.ctors)

.rel.dtors
 *(.rel.dtors)

.rela.dtors
 *(.rela.dtors)

.rel.got
 *(.rel.got)

.rela.got
 *(.rela.got)

.rel.bss
 *(.rel.bss)

.rela.bss
 *(.rela.bss)

.rel.plt
 *(.rel.plt)

.rela.plt
 *(.rela.plt)

.text           0x00000000      0xee6
 *(.vectors)
 .vectors       0x00000000       0x54 C:/Program Files (x86)/Atmel/Studio/7.0/Packs/atmel/ATmega_DFP/1.7.374/gcc/dev/atmega32/avr5/crtatmega32.o
                0x00000000                __vector_default
                0x00000000                __vectors
 *(.vectors)
 *(.progmem.gcc*)
                0x00000054                . = ALIGN (0x2)
                0x00000054                __trampolines_start = .
 *(.trampolines)
 .trampolines   0x00000054        0x0 linker stubs
 *(.trampolines*)
                0x00000054                __trampolines_end = .
 *libprintf_flt.a:*(.progmem.data)
 *libc.a:*(.progmem.data)
 *(.progmem*)
                0x00000054                . = ALIGN (0x2)
 *(.jumptables)
 *(.jumptables*)
 *(.lowtext)
 *(.lowtext*)
                0x00000054                __ctors_start = .
 *(.ctors)
                0x00000054                __ctors_end = .
                0x00000054                __dtors_start = .
 *(.dtors)
                0x00000054                __dtors_end = .
 SORT(*)(.ctors)
 SORT(*)(.dtors)
 *(.init0)
 .init0         0x00000054        0x0 C:/Program Files (x86)/Atmel/Studio/7.0/Packs/atmel/ATmega_DFP/1.7.374/gcc/dev/atmega32/avr5/crtatmega32.o
                0x00000054                __init
 *(.init0)
 *(.init1)
 *(.init1)
 *(.init2)
 .init2         0x00000054        0xc C:/Program Files (x86)/Atmel/Studio/7.0/Packs/atmel/ATmega_DFP/1.7.374/gcc/dev/atmega32/avr5/crtatmega32.o
 *(.init2)
 *(.init3)
 *(.init3)
 *(.init4)
 .init4         0x00000060       0x16 c:/program files (x86)/atmel/studio/7.0/toolchain/avr8/avr8-gnu-toolchain/bin/../lib/gcc/avr/5.4.0/avr5\libgcc.a(_copy_data.o)
                0x00000060                __do_copy_data
 .init4         0x00000076       0x10 c:/program files (x86)/atmel/studio/7.0/toolchain/avr8/avr8-gnu-toolchain/bin/../lib/gcc/avr/5.4.0/avr5\libgcc.a(_clear_bss.o)
                0x00000076                __do_clear_bss
 *(.init4)
 *(.init5)
 *(.init5)
 *(.init6)
 *(.init6)
 *(.init7)
 *(.init7)
 *(.init8)
 *(.init8)
 *(.init9)
 .init9         0x00000086        0x8 C:/Program Files (x86)/Atmel/Studio/7.0/Packs/atmel/ATmega_DFP/1.7.374/gcc/dev/atmega32/avr5/crtatmega32.o
 *(.init9)
 *(.text)
 .text          0x0000008e        0x4 C:/Program Files (x86)/Atmel/Studio/7.0/Packs/atmel/ATmega_DFP/1.7.374/gcc/dev/atmega32/avr5/crtatmega32.o
                0x0000008e                __bad_interrupt
                0x0000008e                __vector_6
                0x0000008e                __vector_17
                0x0000008e                __vector_19
                0x0000008e                __vector_8
                0x0000008e                __vector_14
                0x0000008e                __vector_10
                0x0000008e                __vector_18
                0x0000008e                __vector_20
                0x00000092                . = ALIGN (0x2)
 *(.text.*)
 .text.KEYPAD_Init
                0x00000092       0x1a ECUAL/KeyPad.o
                0x00000092                KEYPAD_Init
 .text.WriteInst
                0x000000ac       0xc0 ECUAL/LCD.o
 .text.WriteData
                0x0000016c       0xc0 ECUAL/LCD.o
 .text.LCD_Init
                0x0000022c       0x3e ECUAL/LCD.o
                0x0000022c                LCD_Init
 .text.LCD_GoTo
                0x0000026a       0x38 ECUAL/LCD.o
                0x0000026a                LCD_GoTo
 .text.LCD_WriteChar
                0x000002a2        0x6 ECUAL/LCD.o
                0x000002a2                LCD_WriteChar
 .text.LCD_WriteString
                0x000002a8       0x26 ECUAL/LCD.o
                0x000002a8                LCD_WriteString
 .text.LCD_WriteString_GoTo
                0x000002ce       0x16 ECUAL/LCD.o
                0x000002ce                LCD_WriteString_GoTo
 .text.LCD_WriteNumber_2
                0x000002e4       0xc6 ECUAL/LCD.o
                0x000002e4                LCD_WriteNumber_2
 .text.LCD_Clear_Position
                0x000003aa       0x20 ECUAL/LCD.o
                0x000003aa                LCD_Clear_Position
 .text.Int0_Fun
                0x000003ca        0xc main.o
                0x000003ca                Int0_Fun
 .text.SPI_Func
                0x000003d6        0xc main.o
                0x000003d6                SPI_Func
 .text.main     0x000003e2       0x86 main.o
                0x000003e2                main
 .text.__vector_16
                0x00000468       0x52 MCAL/ADC.o
                0x00000468                __vector_16
 .text.DIO_InitPin
                0x000004ba      0x1fa MCAL/DIO.o
 .text.DIO_Init
                0x000006b4       0x20 MCAL/DIO.o
                0x000006b4                DIO_Init
 .text.DIO_WritePin
                0x000006d4      0x106 MCAL/DIO.o
                0x000006d4                DIO_WritePin
 .text.EXI_Enable
                0x000007da       0x24 MCAL/Ex_Interrupt.o
                0x000007da                EXI_Enable
 .text.EXI_TriggerEdge
                0x000007fe       0xc0 MCAL/Ex_Interrupt.o
                0x000007fe                EXI_TriggerEdge
 .text.EXI_Init
                0x000008be       0x1a MCAL/Ex_Interrupt.o
                0x000008be                EXI_Init
 .text.EXI_SetCallBack
                0x000008d8       0x2a MCAL/Ex_Interrupt.o
                0x000008d8                EXI_SetCallBack
 .text.__vector_1
                0x00000902       0x54 MCAL/Ex_Interrupt.o
                0x00000902                __vector_1
 .text.__vector_2
                0x00000956       0x54 MCAL/Ex_Interrupt.o
                0x00000956                __vector_2
 .text.__vector_3
                0x000009aa       0x54 MCAL/Ex_Interrupt.o
                0x000009aa                __vector_3
 .text.SPI_Init
                0x000009fe       0x20 MCAL/SPI.o
                0x000009fe                SPI_Init
 .text.SPI_SendReceive
                0x00000a1e        0xa MCAL/SPI.o
                0x00000a1e                SPI_SendReceive
 .text.SPI_SetCallBack
                0x00000a28        0xa MCAL/SPI.o
                0x00000a28                SPI_SetCallBack
 .text.__vector_12
                0x00000a32       0x54 MCAL/SPI.o
                0x00000a32                __vector_12
 .text.__vector_11
                0x00000a86       0x54 MCAL/Timers.o
                0x00000a86                __vector_11
 .text.Timer1_Init
                0x00000ada       0xa8 MCAL/Timers.o
                0x00000ada                Timer1_Init
 .text.Timer1_OCA_InterruptEnable
                0x00000b82        0x8 MCAL/Timers.o
                0x00000b82                Timer1_OCA_InterruptEnable
 .text.Timer1_OCA_SetCallBack
                0x00000b8a        0xa MCAL/Timers.o
                0x00000b8a                Timer1_OCA_SetCallBack
 .text.__vector_9
                0x00000b94       0x54 MCAL/Timers.o
                0x00000b94                __vector_9
 .text.__vector_7
                0x00000be8       0x54 MCAL/Timers.o
                0x00000be8                __vector_7
 .text.__vector_5
                0x00000c3c       0x54 MCAL/Timers.o
                0x00000c3c                __vector_5
 .text.__vector_4
                0x00000c90       0x54 MCAL/Timers.o
                0x00000c90                __vector_4
 .text.UART_Init
                0x00000ce4       0x18 MCAL/UART.o
                0x00000ce4                UART_Init
 .text.__vector_13
                0x00000cfc       0x54 MCAL/UART.o
                0x00000cfc                __vector_13
 .text.__vector_15
                0x00000d50       0x54 MCAL/UART.o
                0x00000d50                __vector_15
 .text.Timer_func
                0x00000da4       0x5c Services/Timers_Services.o
 .text.Timer1_SetInterruptTime_s
                0x00000e00       0x60 Services/Timers_Services.o
                0x00000e00                Timer1_SetInterruptTime_s
 .text.libgcc.div
                0x00000e60       0x44 c:/program files (x86)/atmel/studio/7.0/toolchain/avr8/avr8-gnu-toolchain/bin/../lib/gcc/avr/5.4.0/avr5\libgcc.a(_udivmodsi4.o)
                0x00000e60                __udivmodsi4
 .text.libgcc.div
                0x00000ea4       0x2e c:/program files (x86)/atmel/studio/7.0/toolchain/avr8/avr8-gnu-toolchain/bin/../lib/gcc/avr/5.4.0/avr5\libgcc.a(_divmodsi4.o)
                0x00000ea4                __divmodsi4
 .text.libgcc.div
                0x00000ed2       0x10 c:/program files (x86)/atmel/studio/7.0/toolchain/avr8/avr8-gnu-toolchain/bin/../lib/gcc/avr/5.4.0/avr5\libgcc.a(_negsi2.o)
                0x00000ed2                __negsi2
                0x00000ee2                . = ALIGN (0x2)
 *(.fini9)
 .fini9         0x00000ee2        0x0 c:/program files (x86)/atmel/studio/7.0/toolchain/avr8/avr8-gnu-toolchain/bin/../lib/gcc/avr/5.4.0/avr5\libgcc.a(_exit.o)
                0x00000ee2                _exit
                0x00000ee2                exit
 *(.fini9)
 *(.fini8)
 *(.fini8)
 *(.fini7)
 *(.fini7)
 *(.fini6)
 *(.fini6)
 *(.fini5)
 *(.fini5)
 *(.fini4)
 *(.fini4)
 *(.fini3)
 *(.fini3)
 *(.fini2)
 *(.fini2)
 *(.fini1)
 *(.fini1)
 *(.fini0)
 .fini0         0x00000ee2        0x4 c:/program files (x86)/atmel/studio/7.0/toolchain/avr8/avr8-gnu-toolchain/bin/../lib/gcc/avr/5.4.0/avr5\libgcc.a(_exit.o)
 *(.fini0)
                0x00000ee6                _etext = .

.data           0x00800060       0x46 load address 0x00000ee6
                0x00800060                PROVIDE (__data_start, .)
 *(.data)
 *(.data*)
 .data.ADC_Fptr
                0x00800060        0x2 MCAL/ADC.o
 .data.INT2_Fptr
                0x00800062        0x2 MCAL/Ex_Interrupt.o
 .data.INT1_Fptr
                0x00800064        0x2 MCAL/Ex_Interrupt.o
 .data.INT0_Fptr
                0x00800066        0x2 MCAL/Ex_Interrupt.o
 .data.SPI_Fptr
                0x00800068        0x2 MCAL/SPI.o
 .data.Timer2_OC_Fptr
                0x0080006a        0x2 MCAL/Timers.o
 .data.Timer2_OVF_Fptr
                0x0080006c        0x2 MCAL/Timers.o
 .data.Timer1_OCA_Fptr
                0x0080006e        0x2 MCAL/Timers.o
 .data.Timer1_OVF_Fptr
                0x00800070        0x2 MCAL/Timers.o
 .data.Timer0_OVF_Fptr
                0x00800072        0x2 MCAL/Timers.o
 .data.UART_TX_Fptr
                0x00800074        0x2 MCAL/UART.o
 .data.UART_RX_Fptr
                0x00800076        0x2 MCAL/UART.o
 *(.gnu.linkonce.d*)
 *(.rodata)
 *(.rodata*)
 .rodata.DIO_PinsStatusArr
                0x00800078       0x20 CONFIG/DIO_Cfg.o
                0x00800078                DIO_PinsStatusArr
 .rodata.str1.1
                0x00800098        0xd main.o
 *(.gnu.linkonce.r*)
                0x008000a6                . = ALIGN (0x2)
 *fill*         0x008000a5        0x1 
                0x008000a6                _edata = .
                0x008000a6                PROVIDE (__data_end, .)

.bss            0x008000a6        0xd
                0x008000a6                PROVIDE (__bss_start, .)
 *(.bss)
 *(.bss*)
 .bss.ADC_BusyFlag
                0x008000a6        0x1 MCAL/ADC.o
 .bss.c.1938    0x008000a7        0x4 Services/Timers_Services.o
 .bss.fptr_timer
                0x008000ab        0x2 Services/Timers_Services.o
 .bss.NofOverFlow
                0x008000ad        0x4 Services/Timers_Services.o
 *(COMMON)
 COMMON         0x008000b1        0x2 main.o
                0x008000b1                data11
                0x008000b2                key2
                0x008000b3                PROVIDE (__bss_end, .)
                0x00000ee6                __data_load_start = LOADADDR (.data)
                0x00000f2c                __data_load_end = (__data_load_start + SIZEOF (.data))

.noinit         0x008000b3        0x0
                [!provide]                PROVIDE (__noinit_start, .)
 *(.noinit*)
                [!provide]                PROVIDE (__noinit_end, .)
                0x008000b3                _end = .
                [!provide]                PROVIDE (__heap_start, .)

.eeprom         0x00810000        0x0
 *(.eeprom*)
                0x00810000                __eeprom_end = .

.fuse
 *(.fuse)
 *(.lfuse)
 *(.hfuse)
 *(.efuse)

.lock
 *(.lock*)

.signature
 *(.signature*)

.user_signatures
 *(.user_signatures*)

.stab
 *(.stab)

.stabstr
 *(.stabstr)

.stab.excl
 *(.stab.excl)

.stab.exclstr
 *(.stab.exclstr)

.stab.index
 *(.stab.index)

.stab.indexstr
 *(.stab.indexstr)

.comment        0x00000000       0x30
 *(.comment)
 .comment       0x00000000       0x30 CONFIG/DIO_Cfg.o
                                 0x31 (size before relaxing)
 .comment       0x00000030       0x31 ECUAL/KeyPad.o
 .comment       0x00000030       0x31 ECUAL/LCD.o
 .comment       0x00000030       0x31 main.o
 .comment       0x00000030       0x31 MCAL/ADC.o
 .comment       0x00000030       0x31 MCAL/DIO.o
 .comment       0x00000030       0x31 MCAL/Ex_Interrupt.o
 .comment       0x00000030       0x31 MCAL/SPI.o
 .comment       0x00000030       0x31 MCAL/Timers.o
 .comment       0x00000030       0x31 MCAL/UART.o
 .comment       0x00000030       0x31 Services/Timers_Services.o

.note.gnu.avr.deviceinfo
                0x00000000       0x3c
 .note.gnu.avr.deviceinfo
                0x00000000       0x3c C:/Program Files (x86)/Atmel/Studio/7.0/Packs/atmel/ATmega_DFP/1.7.374/gcc/dev/atmega32/avr5/crtatmega32.o

.note.gnu.build-id
 *(.note.gnu.build-id)

.debug
 *(.debug)

.line
 *(.line)

.debug_srcinfo
 *(.debug_srcinfo)

.debug_sfnames
 *(.debug_sfnames)

.debug_aranges  0x00000000      0x540
 *(.debug_aranges)
 .debug_aranges
                0x00000000       0x18 CONFIG/DIO_Cfg.o
 .debug_aranges
                0x00000018       0x28 ECUAL/KeyPad.o
 .debug_aranges
                0x00000040       0xa8 ECUAL/LCD.o
 .debug_aranges
                0x000000e8       0x38 main.o
 .debug_aranges
                0x00000120       0x80 MCAL/ADC.o
 .debug_aranges
                0x000001a0       0x50 MCAL/DIO.o
 .debug_aranges
                0x000001f0       0x58 MCAL/Ex_Interrupt.o
 .debug_aranges
                0x00000248       0x48 MCAL/SPI.o
 .debug_aranges
                0x00000290      0x1b8 MCAL/Timers.o
 .debug_aranges
                0x00000448       0x88 MCAL/UART.o
 .debug_aranges
                0x000004d0       0x70 Services/Timers_Services.o

.debug_pubnames
 *(.debug_pubnames)

.debug_info     0x00000000     0x3cc4
 *(.debug_info .gnu.linkonce.wi.*)
 .debug_info    0x00000000      0x4e6 C:/Program Files (x86)/Atmel/Studio/7.0/Packs/atmel/ATmega_DFP/1.7.374/gcc/dev/atmega32/avr5/crtatmega32.o
 .debug_info    0x000004e6      0x186 CONFIG/DIO_Cfg.o
 .debug_info    0x0000066c      0x364 ECUAL/KeyPad.o
 .debug_info    0x000009d0      0xe72 ECUAL/LCD.o
 .debug_info    0x00001842      0x4ae main.o
 .debug_info    0x00001cf0      0x3bf MCAL/ADC.o
 .debug_info    0x000020af      0x3ee MCAL/DIO.o
 .debug_info    0x0000249d      0x281 MCAL/Ex_Interrupt.o
 .debug_info    0x0000271e      0x1c4 MCAL/SPI.o
 .debug_info    0x000028e2      0xa52 MCAL/Timers.o
 .debug_info    0x00003334      0x266 MCAL/UART.o
 .debug_info    0x0000359a      0x72a Services/Timers_Services.o

.debug_abbrev   0x00000000     0x13c3
 *(.debug_abbrev)
 .debug_abbrev  0x00000000      0x4a3 C:/Program Files (x86)/Atmel/Studio/7.0/Packs/atmel/ATmega_DFP/1.7.374/gcc/dev/atmega32/avr5/crtatmega32.o
 .debug_abbrev  0x000004a3       0x6a CONFIG/DIO_Cfg.o
 .debug_abbrev  0x0000050d      0x174 ECUAL/KeyPad.o
 .debug_abbrev  0x00000681      0x279 ECUAL/LCD.o
 .debug_abbrev  0x000008fa      0x193 main.o
 .debug_abbrev  0x00000a8d      0x175 MCAL/ADC.o
 .debug_abbrev  0x00000c02      0x1d1 MCAL/DIO.o
 .debug_abbrev  0x00000dd3       0xe2 MCAL/Ex_Interrupt.o
 .debug_abbrev  0x00000eb5       0xe7 MCAL/SPI.o
 .debug_abbrev  0x00000f9c      0x17f MCAL/Timers.o
 .debug_abbrev  0x0000111b      0x10c MCAL/UART.o
 .debug_abbrev  0x00001227      0x19c Services/Timers_Services.o

.debug_line     0x00000000     0x21d7
 *(.debug_line .debug_line.* .debug_line_end)
 .debug_line    0x00000000      0x116 C:/Program Files (x86)/Atmel/Studio/7.0/Packs/atmel/ATmega_DFP/1.7.374/gcc/dev/atmega32/avr5/crtatmega32.o
 .debug_line    0x00000116       0x42 CONFIG/DIO_Cfg.o
 .debug_line    0x00000158      0x210 ECUAL/KeyPad.o
 .debug_line    0x00000368      0x60f ECUAL/LCD.o
 .debug_line    0x00000977      0x266 main.o
 .debug_line    0x00000bdd      0x267 MCAL/ADC.o
 .debug_line    0x00000e44      0x364 MCAL/DIO.o
 .debug_line    0x000011a8      0x25e MCAL/Ex_Interrupt.o
 .debug_line    0x00001406      0x11c MCAL/SPI.o
 .debug_line    0x00001522      0x7c8 MCAL/Timers.o
 .debug_line    0x00001cea      0x1dd MCAL/UART.o
 .debug_line    0x00001ec7      0x310 Services/Timers_Services.o

.debug_frame    0x00000000      0xf4c
 *(.debug_frame)
 .debug_frame   0x00000000       0x58 ECUAL/KeyPad.o
 .debug_frame   0x00000058      0x23c ECUAL/LCD.o
 .debug_frame   0x00000294       0x54 main.o
 .debug_frame   0x000002e8      0x134 MCAL/ADC.o
 .debug_frame   0x0000041c       0x8c MCAL/DIO.o
 .debug_frame   0x000004a8      0x16c MCAL/Ex_Interrupt.o
 .debug_frame   0x00000614       0xbc MCAL/SPI.o
 .debug_frame   0x000006d0      0x594 MCAL/Timers.o
 .debug_frame   0x00000c64      0x184 MCAL/UART.o
 .debug_frame   0x00000de8      0x164 Services/Timers_Services.o

.debug_str      0x00000000     0x161c
 *(.debug_str)
 .debug_str     0x00000000      0x196 C:/Program Files (x86)/Atmel/Studio/7.0/Packs/atmel/ATmega_DFP/1.7.374/gcc/dev/atmega32/avr5/crtatmega32.o
 .debug_str     0x00000196      0x241 CONFIG/DIO_Cfg.o
                                0x268 (size before relaxing)
 .debug_str     0x000003d7       0xbb ECUAL/KeyPad.o
                                0x2e2 (size before relaxing)
 .debug_str     0x00000492      0x13b ECUAL/LCD.o
                                0x3e2 (size before relaxing)
 .debug_str     0x000005cd      0x10d main.o
                                0x32a (size before relaxing)
 .debug_str     0x000006da      0x204 MCAL/ADC.o
                                0x34a (size before relaxing)
 .debug_str     0x000008de       0x8a MCAL/DIO.o
                                0x314 (size before relaxing)
 .debug_str     0x00000968       0xe1 MCAL/Ex_Interrupt.o
                                0x27b (size before relaxing)
 .debug_str     0x00000a49       0x53 MCAL/SPI.o
                                0x1fc (size before relaxing)
 .debug_str     0x00000a9c      0x97b MCAL/Timers.o
                                0xaf9 (size before relaxing)
 .debug_str     0x00001417      0x10e MCAL/UART.o
                                0x293 (size before relaxing)
 .debug_str     0x00001525       0xf7 Services/Timers_Services.o
                                0x4fc (size before relaxing)

.debug_loc      0x00000000     0x310d
 *(.debug_loc)
 .debug_loc     0x00000000      0x190 ECUAL/KeyPad.o
 .debug_loc     0x00000190      0xe36 ECUAL/LCD.o
 .debug_loc     0x00000fc6      0x27c MCAL/ADC.o
 .debug_loc     0x00001242      0x7e0 MCAL/DIO.o
 .debug_loc     0x00001a22      0x422 MCAL/Ex_Interrupt.o
 .debug_loc     0x00001e44      0x14c MCAL/SPI.o
 .debug_loc     0x00001f90      0xa02 MCAL/Timers.o
 .debug_loc     0x00002992      0x1be MCAL/UART.o
 .debug_loc     0x00002b50      0x5bd Services/Timers_Services.o

.debug_macinfo
 *(.debug_macinfo)

.debug_weaknames
 *(.debug_weaknames)

.debug_funcnames
 *(.debug_funcnames)

.debug_typenames
 *(.debug_typenames)

.debug_varnames
 *(.debug_varnames)

.debug_pubtypes
 *(.debug_pubtypes)

.debug_ranges   0x00000000      0x488
 *(.debug_ranges)
 .debug_ranges  0x00000000       0x18 ECUAL/KeyPad.o
 .debug_ranges  0x00000018       0x98 ECUAL/LCD.o
 .debug_ranges  0x000000b0       0x28 main.o
 .debug_ranges  0x000000d8       0x70 MCAL/ADC.o
 .debug_ranges  0x00000148       0x40 MCAL/DIO.o
 .debug_ranges  0x00000188       0x48 MCAL/Ex_Interrupt.o
 .debug_ranges  0x000001d0       0x38 MCAL/SPI.o
 .debug_ranges  0x00000208      0x1a8 MCAL/Timers.o
 .debug_ranges  0x000003b0       0x78 MCAL/UART.o
 .debug_ranges  0x00000428       0x60 Services/Timers_Services.o

.debug_macro
 *(.debug_macro)
OUTPUT(Lec_4.elf elf32-avr)
LOAD linker stubs
